tune2fs 1.45.5 (07-Jan-2020)
Filesystem volume name:   HardStorage
Last mounted on:          /media/jinghuan/hdd
Filesystem UUID:          cf4ffc32-93d3-4f6e-bdf8-69c4e464e107
Filesystem magic number:  0xEF53
Filesystem revision #:    1 (dynamic)
Filesystem features:      has_journal ext_attr resize_inode dir_index filetype needs_recovery extent 64bit flex_bg sparse_super large_file huge_file dir_nlink extra_isize metadata_csum
Filesystem flags:         signed_directory_hash 
Default mount options:    user_xattr acl
Filesystem state:         clean
Errors behavior:          Continue
Filesystem OS type:       Linux
Inode count:              122101760
Block count:              488378368
Reserved block count:     24418918
Free blocks:              444618173
Free inodes:              121838529
First block:              0
Block size:               4096
Fragment size:            4096
Group descriptor size:    64
Reserved GDT blocks:      1024
Blocks per group:         32768
Fragments per group:      32768
Inodes per group:         8192
Inode blocks per group:   512
Flex block group size:    16
Filesystem created:       Fri Apr 19 00:01:53 2019
Last mount time:          Fri Aug 14 12:00:56 2020
Last write time:          Fri Aug 14 12:00:56 2020
Mount count:              79
Maximum mount count:      -1
Last checked:             Fri Apr 19 00:01:53 2019
Check interval:           0 (<none>)
Lifetime writes:          7061 GB
Reserved blocks uid:      0 (user root)
Reserved blocks gid:      0 (group root)
First inode:              11
Inode size:	          256
Required extra isize:     32
Desired extra isize:      32
Journal inode:            8
Default directory hash:   half_md4
Directory Hash Seed:      9cb30a7a-3eb4-4b4d-abe2-c22eb4645b8e
Journal backup:           inode blocks
Checksum type:            crc32c
Checksum:                 0x6452b1f6
