tune2fs 1.45.5 (07-Jan-2020)
Filesystem volume name:   <none>
Last mounted on:          /
Filesystem UUID:          74c4d65b-0e69-480e-9925-d0606bbb96a0
Filesystem magic number:  0xEF53
Filesystem revision #:    1 (dynamic)
Filesystem features:      has_journal ext_attr resize_inode dir_index filetype needs_recovery extent 64bit flex_bg sparse_super large_file huge_file dir_nlink extra_isize metadata_csum
Filesystem flags:         signed_directory_hash 
Default mount options:    user_xattr acl
Filesystem state:         clean
Errors behavior:          Continue
Filesystem OS type:       Linux
Inode count:              14622720
Block count:              58476288
Reserved block count:     2923814
Free blocks:              35678553
Free inodes:              14038073
First block:              0
Block size:               4096
Fragment size:            4096
Group descriptor size:    64
Reserved GDT blocks:      1024
Blocks per group:         32768
Fragments per group:      32768
Inodes per group:         8192
Inode blocks per group:   512
Flex block group size:    16
Filesystem created:       Sun Jun  7 15:07:31 2020
Last mount time:          Fri Aug 14 12:00:54 2020
Last write time:          Fri Aug 14 12:00:54 2020
Mount count:              30
Maximum mount count:      -1
Last checked:             Sun Jun  7 15:07:31 2020
Check interval:           0 (<none>)
Lifetime writes:          6555 GB
Reserved blocks uid:      0 (user root)
Reserved blocks gid:      0 (group root)
First inode:              11
Inode size:	          256
Required extra isize:     32
Desired extra isize:      32
Journal inode:            8
First orphan inode:       7098933
Default directory hash:   half_md4
Directory Hash Seed:      f799d213-f686-4209-a893-a66504297c83
Journal backup:           inode blocks
Checksum type:            crc32c
Checksum:                 0xd59c2381
